main.c:128:5:__io_putchar	16	static
main.c:139:5:main	16	static
main.c:269:6:SystemClock_Config	216	static
main.c:330:13:MX_I2C1_Init	8	static
main.c:376:13:MX_I2C2_Init	8	static
main.c:422:13:MX_SPI4_Init	8	static
main.c:462:13:MX_SPI5_Init	8	static
main.c:501:13:MX_UART4_Init	8	static
main.c:536:13:MX_USART2_UART_Init	8	static
main.c:571:13:MX_USART3_UART_Init	8	static
main.c:606:13:MX_USB_OTG_FS_PCD_Init	8	static
main.c:639:13:MX_DMA_Init	16	static
main.c:673:13:MX_GPIO_Init	64	static
main.c:722:6:HAL_UART_RxCpltCallback	16	static
main.c:727:6:HAL_I2C_SlaveRxCpltCallback	16	static
main.c:732:6:HAL_SPI_RxCpltCallback	16	static
main.c:738:13:udp_echoserver_recv	56	static
main.c:810:6:Error_Handler	4	static,ignoring_inline_asm
