14:25:44 **** Build of configuration Debug for project ARM_FINAL_PROJECT ****
make -j8 all 
arm-none-eabi-size   ARM_FINAL_PROJECT.elf 
   text	   data	    bss	    dec	    hex	filename
  96840	    132	  37748	 134720	  20e40	ARM_FINAL_PROJECT.elf
Finished building: default.size.stdout
 
14:25:52 **** Incremental Build of configuration Debug for project ARM_FINAL_PROJECT ****
make -j8 all 
arm-none-eabi-size   ARM_FINAL_PROJECT.elf 
   text	   data	    bss	    dec	    hex	filename
  96840	    132	  37748	 134720	  20e40	ARM_FINAL_PROJECT.elf
Finished building: default.size.stdout
 
14:27:45 **** Incremental Build of configuration Debug for project ARM_FINAL_PROJECT ****
make -j8 all 
arm-none-eabi-size   ARM_FINAL_PROJECT.elf 
   text	   data	    bss	    dec	    hex	filename
  96840	    132	  37748	 134720	  20e40	ARM_FINAL_PROJECT.elf
Finished building: default.size.stdout
 
14:32:17 **** Incremental Build of configuration Debug for project ARM_FINAL_PROJECT ****
make -j8 all 
arm-none-eabi-size   ARM_FINAL_PROJECT.elf 
   text	   data	    bss	    dec	    hex	filename
  96840	    132	  37748	 134720	  20e40	ARM_FINAL_PROJECT.elf
Finished building: default.size.stdout
 
